2026-09-15 08:00:01 INFO Server started on port 8080
2026-09-15 08:01:15 INFO GET /api/orders 200
2026-09-15 08:02:03 INFO GET /api/users/101 200
2026-09-15 08:02:45 WARNING Slow query detected: 2.3s
2026-09-15 08:03:12 ERROR Connection timeout to database
2026-09-15 08:03:13 ERROR Retry attempt 1 failed
2026-09-15 08:03:20 INFO POST /api/orders 201
2026-09-15 08:04:01 INFO GET /api/orders/205 200
2026-09-15 08:04:33 ERROR NullPointerException in OrderService
2026-09-15 08:05:00 INFO GET /api/users 200
2026-09-15 08:05:45 WARNING Memory usage above 80%
2026-09-15 08:06:12 INFO POST /api/payments 201
2026-09-15 08:06:30 ERROR Payment gateway timeout
2026-09-15 08:07:01 INFO GET /api/orders 200
2026-09-15 08:07:22 CRITICAL Database connection pool exhausted
2026-09-15 08:08:00 INFO GET /api/health 200
2026-09-15 08:08:15 INFO GET /api/orders/301 200
2026-09-15 08:09:03 ERROR Invalid JSON payload received
2026-09-15 08:09:44 INFO POST /api/users 201
2026-09-15 08:10:12 WARNING Deprecated endpoint called: /api/v1/orders
2026-09-15 08:10:50 INFO GET /api/orders 200
2026-09-15 08:11:33 ERROR Foreign key constraint violation
2026-09-15 08:12:01 INFO GET /api/users/102 200
2026-09-15 08:12:45 INFO POST /api/orders 201
2026-09-15 08:13:20 CRITICAL Out of memory error
2026-09-15 08:14:00 INFO GET /api/health 200
2026-09-15 08:14:30 ERROR Connection refused by upstream server
2026-09-15 08:15:00 INFO GET /api/orders 200
2026-09-15 08:15:45 WARNING Rate limit approaching for client 192.168.1.5
2026-09-15 08:16:10 INFO GET /api/orders/402 200
