# event log generated by payment-service and shipping-service
2024-01-15 08:02:11 INFO order_id=1001 event=PAYMENT_SUCCESS amount=300000
2024-01-15 08:05:44 INFO order_id=1002 event=PAYMENT_SUCCESS amount=320000
2024-01-15 08:07:19 INFO order_id=1003 event=PAYMENT_SUCCESS amount=1440000
2024-01-15 08:10:02 ERROR order_id=1004 event=PAYMENT_FAILED reason=card_declined
2024-01-15 08:12:55 INFO order_id=1004 event=PAYMENT_RETRY
2024-01-15 08:13:40 INFO order_id=1004 event=PAYMENT_SUCCESS amount=250000
2024-01-15 08:15:00 WARN this line is not a valid event entry, ignore me
2024-01-15 08:16:22 INFO order_id=1010 event=PAYMENT_SUCCESS amount=720000
2024-01-15 08:18:09 INFO order_id=1012 event=PAYMENT_SUCCESS amount=440000
2024-01-15 08:19:47 ERROR order_id=1013 event=PAYMENT_FAILED reason=insufficient_funds
2024-01-15 08:21:12 INFO order_id=1015 event=PAYMENT_SUCCESS amount=150000
2024-01-15 08:22:03 INFO order_id=1016 event=PAYMENT_SUCCESS amount=410000
2024-01-15 08:23:58 INFO order_id=1017 event=PAYMENT_SUCCESS amount=520000
2024-01-15 08:25:31 INFO event=PAYMENT_SUCCESS amount=45000
2024-01-15 09:01:00 INFO order_id=1001 event=SHIPPED carrier=GHTK
2024-01-15 09:03:12 INFO order_id=1002 event=SHIPPED carrier=GHN
2024-01-15 09:10:45 INFO order_id=1003 event=SHIPPED carrier=GHTK
2024-01-15 09:20:00 INFO order_id=1001 event=DELIVERED
2024-01-15 09:30:15 ERROR order_id=1018 event=PAYMENT_FAILED reason=card_declined
2024-01-15 09:31:00 INFO order_id=1019 event=PAYMENT_SUCCESS amount=60000
2024-01-15 09:33:21 INFO order_id=1020 event=PAYMENT_SUCCESS amount=100000
2024-01-15 09:35:44 ERROR order_id=1022 event=ORDER_CANCELLED reason=customer_request
2024-01-15 09:40:02 INFO order_id=1023 event=PAYMENT_SUCCESS amount=190000
2024-01-15 09:42:19 INFO order_id=1024 event=PAYMENT_SUCCESS amount=560000
2024-01-15 09:45:00 INFO order_id=9999 event=PAYMENT_SUCCESS amount=100000
INVALID LINE WITHOUT TIMESTAMP AT ALL
2024-01-15 09:50:11 INFO order_id=1021 event=PAYMENT_SUCCESS amount=260000
2024-01-15 09:52:37 INFO order_id=1021 event=SHIPPED carrier=GHN
